// Jest Snapshot v1, https://goo.gl/fbAQLP

exports[`Home test renders leagues 1`] = `
Array [
  <div
    className="mainContainer"
  >
    <p
      className="total"
    >
      Total Leagues Â  Available:
       
      0
    </p>
    <div
      className="lowerContainer"
    >
      <a
        href="/Leagues"
        onClick={[Function]}
      >
        <svg
          className="mainIcon"
          fill="currentColor"
          height="1em"
          stroke="currentColor"
          strokeWidth="0"
          style={
            Object {
              "border": "none",
              "color": "#fff",
              "height": "25px",
              "opacity": "1",
              "width": "25px",
              "zIndex": "4",
            }
          }
          viewBox="0 0 24 24"
          width="1em"
          xmlns="http://www.w3.org/2000/svg"
        >
          <path
            d="M11.999 1.993c-5.514.001-10 4.487-10 10.001s4.486 10 10.001 10c5.513 0 9.999-4.486 10-10 0-5.514-4.486-10-10.001-10.001zM12 19.994c-4.412 0-8.001-3.589-8.001-8s3.589-8 8-8.001C16.411 3.994 20 7.583 20 11.994c-.001 4.411-3.59 8-8 8z"
          />
          <path
            d="M12 10.994H8v2h4V16l4.005-4.005L12 7.991z"
          />
        </svg>
      </a>
    </div>
  </div>,
  <div
    className="grid-container"
  >
    <div>
      <h2>
        WELCOME TO TOP 20 FIFA LEAGUES
      </h2>
    </div>
    <div
      className="leagues"
    />
  </div>,
]
`;
